// Jest Snapshot v1, https://goo.gl/fbAQLP

exports[`'LoadingScreen component' should render correctly 1`] = `
<div>
  <div
    style="width: 100%; height: 900px; display: flex; align-items: center; justify-content: center;"
  >
    <div
      class="loader"
      style="border-top: 16px solid blue; border-right: 16px solid green; border-bottom: 16px solid red; border-left: 16px solid pink; border-radius: 50%; width: 200px; height: 200px;"
    />
  </div>
</div>
`;
